// Jest Snapshot v1, https://goo.gl/fbAQLP

exports[`should transpile without error on simple queries 1`] = `
{
  "diagnostics": [],
  "outputText": ""use strict";
Object.defineProperty(exports, "__esModule", { value: true });
exports.postsResource1 = void 0;
exports.postsResource1 = {
    queries: {
        queryAll: function (params, loggedInUser) {
            return {};
        },
        queryDetailedPost: function (params, loggedInUser) {
            return {};
        },
    },
    operations: {},
};
",
  "sourceMapText": undefined,
}
`;
